>>> say_my_name = __import__('3-say_my_name').say_my_name

>>> say_my_name("John", "Smith")
My name is John Smith
>>> say_my_name("Bob")
My name is Bob
>>> say_my_name(12, "White")
Traceback (most recent call last):
TypeError: first_name must be a string
>>> say_my_name("A", "B", "C")
Traceback (most recent call last):
TypeError: say_my_name() takes from 1 to 2 positional arguments but 3 were given
>>> say_my_name()
Traceback (most recent call last):
TypeError: say_my_name() missing 1 required positional argument: 'first_name'
